	.cpu cortex-m0
	.fpu softvfp
	.eabi_attribute 20, 1
	.eabi_attribute 21, 1
	.eabi_attribute 23, 3
	.eabi_attribute 24, 1
	.eabi_attribute 25, 1
	.eabi_attribute 26, 1
	.eabi_attribute 30, 4
	.eabi_attribute 34, 0
	.eabi_attribute 18, 4
	.code	16
	.file	"main.c"
	.section	.text.startup.main,"ax",%progbits
	.align	1
	.global	main
	.code	16
	.thumb_func
	.type	main, %function
main:
	push	{r4, lr}
	bl	uart_init
	bl	timer_init
.L2:
	mov	r0, #2
	bl	uart_send
	cmp	r0, #0
	bne	.L8
	mov	r0, #250
	lsl	r0, r0, #2
	bl	delay
	b	.L2
.L8:
	bl	uart_receive_blocking
	cmp	r0, #3
	bne	.L2
.L6:
	ldr	r4, .L9
	ldrb	r0, [r4]
	bl	uart_send
	ldrb	r0, [r4, #1]
	bl	uart_send
	ldr	r4, .L9+4
	ldrb	r0, [r4]
	bl	uart_send
	ldrb	r0, [r4, #1]
	bl	uart_send
	ldr	r4, .L9+8
	ldrb	r0, [r4]
	bl	uart_send
	ldrb	r0, [r4, #1]
	bl	uart_send
	b	.L6
.L10:
	.align	2
.L9:
	.word	.LANCHOR0
	.word	.LANCHOR1
	.word	.LANCHOR2
	.size	main, .-main
	.global	z
	.global	y
	.global	x
	.comm	step3,24,4
	.comm	step2,24,4
	.comm	step1,24,4
	.section	.data.x,"aw",%progbits
	.align	2
	.set	.LANCHOR0,. + 0
	.type	x, %object
	.size	x, 4
x:
	.word	1000
	.section	.data.y,"aw",%progbits
	.align	2
	.set	.LANCHOR1,. + 0
	.type	y, %object
	.size	y, 4
y:
	.word	1000
	.section	.data.z,"aw",%progbits
	.align	2
	.set	.LANCHOR2,. + 0
	.type	z, %object
	.size	z, 4
z:
	.word	1000
	.ident	"GCC: (GNU Tools for ARM Embedded Processors) 4.8.3 20140228 (release) [ARM/embedded-4_8-branch revision 208322]"
