Archive member included because of file (symbol)

c:/program files (x86)/gnu tools arm embedded/4.8 2014q1/bin/../lib/gcc/arm-none-eabi/4.8.3/armv6-m\libgcc.a(_thumb1_case_uqi.o)
                              i2c_Stepper_Driver.o (__gnu_thumb1_case_uqi)
c:/program files (x86)/gnu tools arm embedded/4.8 2014q1/bin/../lib/gcc/arm-none-eabi/4.8.3/armv6-m\libgcc.a(_udivsi3.o)
                              sw_uart.o (__aeabi_uidiv)
c:/program files (x86)/gnu tools arm embedded/4.8 2014q1/bin/../lib/gcc/arm-none-eabi/4.8.3/armv6-m\libgcc.a(_dvmd_tls.o)
                              c:/program files (x86)/gnu tools arm embedded/4.8 2014q1/bin/../lib/gcc/arm-none-eabi/4.8.3/armv6-m\libgcc.a(_udivsi3.o) (__aeabi_idiv0)

Allocating common symbols
Common symbol       size              file

step3               0x18              i2c_Stepper_Driver.o
__dso_handle        0x4               cortex_startup.o
step1               0x18              i2c_Stepper_Driver.o
RegA                0x1               i2c_Stepper_Driver.o
step2               0x18              i2c_Stepper_Driver.o
RegB                0x1               i2c_Stepper_Driver.o

Discarded input sections

 .text          0x00000000        0x0 timer.o
 .data          0x00000000        0x0 timer.o
 .bss           0x00000000        0x0 timer.o
 .text          0x00000000        0x0 sw_uart.o
 .data          0x00000000        0x0 sw_uart.o
 .bss           0x00000000        0x0 sw_uart.o
 .rodata.baudrate
                0x00000000        0x4 sw_uart.o
 .rodata.LSR_OE
                0x00000000        0x4 sw_uart.o
 .rodata.kHz    0x00000000        0x4 sw_uart.o
 .rodata.clock_frequency
                0x00000000        0x4 sw_uart.o
 .rodata.LSR_RXFE
                0x00000000        0x4 sw_uart.o
 .rodata.LSR_BI
                0x00000000        0x4 sw_uart.o
 .rodata.LSR_THRE
                0x00000000        0x4 sw_uart.o
 .rodata.LSR_PE
                0x00000000        0x4 sw_uart.o
 .rodata.Hz     0x00000000        0x4 sw_uart.o
 .rodata.LSR_RDR
                0x00000000        0x4 sw_uart.o
 .rodata.LSR_TEMT
                0x00000000        0x4 sw_uart.o
 .rodata.MHz    0x00000000        0x4 sw_uart.o
 .rodata.LSR_FE
                0x00000000        0x4 sw_uart.o
 .text          0x00000000        0x0 MCP23017.o
 .data          0x00000000        0x0 MCP23017.o
 .bss           0x00000000        0x0 MCP23017.o
 .text.MCP23017_writereg
                0x00000000       0x40 MCP23017.o
 .text.MCP23017_readreg
                0x00000000       0x4c MCP23017.o
 .text.MCP23017_SetOutput
                0x00000000       0x58 MCP23017.o
 .text.MCP23017_SetInput
                0x00000000       0x54 MCP23017.o
 .text.MCP2017_Setpin
                0x00000000       0x54 MCP23017.o
 .text.MCP2017_getpin
                0x00000000       0x2e MCP23017.o
 .text          0x00000000        0x0 i2c.o
 .data          0x00000000        0x0 i2c.o
 .bss           0x00000000        0x0 i2c.o
 .text.i2c_scl_set.part.0
                0x00000000       0x14 i2c.o
 .text.i2c_init
                0x00000000        0x2 i2c.o
 .text.i2c_pause
                0x00000000        0xe i2c.o
 .text.i2c_scl_set
                0x00000000       0x2c i2c.o
 .text.i2c_sda_set
                0x00000000       0x24 i2c.o
 .text.i2c_sda_get
                0x00000000       0x14 i2c.o
 .text.i2c_start
                0x00000000       0x18 i2c.o
 .text.i2c_stop
                0x00000000       0x34 i2c.o
 .text.i2c_put_bit
                0x00000000       0x1e i2c.o
 .text.i2c_get_bit
                0x00000000       0x32 i2c.o
 .text.i2c_ack_get
                0x00000000        0xe i2c.o
 .text.i2c_put_ack
                0x00000000        0xa i2c.o
 .text.i2c_put_nack
                0x00000000        0xa i2c.o
 .text.i2c_put_byte
                0x00000000       0x18 i2c.o
 .text.i2c_get_byte
                0x00000000       0x20 i2c.o
 .text          0x00000000        0x0 i2c_Stepper_Driver.o
 .data          0x00000000        0x0 i2c_Stepper_Driver.o
 .bss           0x00000000        0x0 i2c_Stepper_Driver.o
 .text.stepperSetSpeed
                0x00000000        0x8 i2c_Stepper_Driver.o
 .text.stepperGetPosition
                0x00000000        0x4 i2c_Stepper_Driver.o
 .text.stepperGetRotation
                0x00000000        0x4 i2c_Stepper_Driver.o
 .text.stepperSetHome
                0x00000000        0x6 i2c_Stepper_Driver.o
 .text.stepperSetZero
                0x00000000        0x6 i2c_Stepper_Driver.o
 .text.stepMotor
                0x00000000       0x6c i2c_Stepper_Driver.o
 .text.stepperStep
                0x00000000       0x64 i2c_Stepper_Driver.o
 .text.stepperMoveHome
                0x00000000        0xe i2c_Stepper_Driver.o
 .text.stepperMoveZero
                0x00000000       0x12 i2c_Stepper_Driver.o
 .text.stepperInit
                0x00000000       0x6c i2c_Stepper_Driver.o
 COMMON         0x00000000       0x4d i2c_Stepper_Driver.o
 .text          0x00000000        0x0 ./src/main.o
 .data          0x00000000        0x0 ./src/main.o
 .bss           0x00000000        0x0 ./src/main.o
 .text          0x00000000        0x0 cortex_startup.o
 .data          0x00000000        0x0 cortex_startup.o
 .bss           0x00000000        0x0 cortex_startup.o
 COMMON         0x00000000        0x4 cortex_startup.o
 .text          0x00000000       0x14 c:/program files (x86)/gnu tools arm embedded/4.8 2014q1/bin/../lib/gcc/arm-none-eabi/4.8.3/armv6-m\libgcc.a(_thumb1_case_uqi.o)
 .data          0x00000000        0x0 c:/program files (x86)/gnu tools arm embedded/4.8 2014q1/bin/../lib/gcc/arm-none-eabi/4.8.3/armv6-m\libgcc.a(_thumb1_case_uqi.o)
 .bss           0x00000000        0x0 c:/program files (x86)/gnu tools arm embedded/4.8 2014q1/bin/../lib/gcc/arm-none-eabi/4.8.3/armv6-m\libgcc.a(_thumb1_case_uqi.o)
 .data          0x00000000        0x0 c:/program files (x86)/gnu tools arm embedded/4.8 2014q1/bin/../lib/gcc/arm-none-eabi/4.8.3/armv6-m\libgcc.a(_udivsi3.o)
 .bss           0x00000000        0x0 c:/program files (x86)/gnu tools arm embedded/4.8 2014q1/bin/../lib/gcc/arm-none-eabi/4.8.3/armv6-m\libgcc.a(_udivsi3.o)
 .data          0x00000000        0x0 c:/program files (x86)/gnu tools arm embedded/4.8 2014q1/bin/../lib/gcc/arm-none-eabi/4.8.3/armv6-m\libgcc.a(_dvmd_tls.o)
 .bss           0x00000000        0x0 c:/program files (x86)/gnu tools arm embedded/4.8 2014q1/bin/../lib/gcc/arm-none-eabi/4.8.3/armv6-m\libgcc.a(_dvmd_tls.o)

Memory Configuration

Name             Origin             Length             Attributes
rom              0x00000000         0x00008000         xr
ram              0x10000000         0x00001000         xrw
nul              0x20000000         0x00000000         xrw
*default*        0x00000000         0xffffffff

Linker script and memory map

LOAD timer.o
LOAD sw_uart.o
LOAD MCP23017.o
LOAD i2c.o
LOAD i2c_Stepper_Driver.o
LOAD ./src/main.o
LOAD cortex_startup.o
START GROUP
LOAD c:/program files (x86)/gnu tools arm embedded/4.8 2014q1/bin/../lib/gcc/arm-none-eabi/4.8.3/armv6-m\libgcc.a
LOAD c:/program files (x86)/gnu tools arm embedded/4.8 2014q1/bin/../lib/gcc/arm-none-eabi/4.8.3/../../../../arm-none-eabi/lib/armv6-m\libc.a
END GROUP
                0x00000400                __main_stack_size = 0x400
                0x00000000                __process_stack_size = 0x0
                [0x00000400]                PROVIDE (__main_stack_size, __main_stack_size)
                [0x00000000]                PROVIDE (__process_stack_size, __process_stack_size)
                0x00000000                __rom_start = ORIGIN (rom)
                0x00008000                __rom_size = 0x8000
                0x00008000                __rom_end = (__rom_start + __rom_size)
                0x10000000                __ram_start = ORIGIN (ram)
                0x00001000                __ram_size = 0x1000
                0x10001000                __ram_end = (__ram_start + __ram_size)
                [0x00000000]                PROVIDE (__rom_start, __rom_start)
                [0x00008000]                PROVIDE (__rom_size, __rom_size)
                [0x00008000]                PROVIDE (__rom_end, __rom_end)
                [0x10000000]                PROVIDE (__ram_start, __ram_start)
                [0x00001000]                PROVIDE (__ram_size, __ram_size)
                [0x10001000]                PROVIDE (__ram_end, __ram_end)

.text           0x00000000      0x31c
                0x00000000                . = ALIGN (0x4)
                0x00000000                __text_start = .
                [0x00000000]                PROVIDE (__text_start, __text_start)
                0x00000000                . = ALIGN (0x4)
 *(.vectors)
 .vectors       0x00000000       0x20 cortex_startup.o
                0x00000000                __vectors
                0x00000020                . = ALIGN (0x4)
 *(.text .text.* .gnu.linkonce.t.*)
 .text.timer_init
                0x00000020       0x28 timer.o
                0x00000020                timer_init
 .text.now      0x00000048        0xc timer.o
                0x00000048                now
 .text.await    0x00000054       0x10 timer.o
                0x00000054                await
 .text.delay    0x00000064       0x18 timer.o
                0x00000064                delay
 .text.baudrate_set
                0x0000007c       0x30 sw_uart.o
                0x0000007c                baudrate_set
 .text.uart_init
                0x000000ac       0x7c sw_uart.o
                0x000000ac                uart_init
 .text.uart_receive_blocking
                0x00000128       0x10 sw_uart.o
                0x00000128                uart_receive_blocking
 .text.uart_rend
                0x00000138       0x3c sw_uart.o
                0x00000138                uart_rend
 .text.uart_receive_non_blocking
                0x00000174       0x24 sw_uart.o
                0x00000174                uart_receive_non_blocking
 .text.startup.main
                0x00000198       0x90 ./src/main.o
                0x00000198                main
 .text.__startup
                0x00000228       0x54 cortex_startup.o
                0x00000228                __startup
 .text          0x0000027c       0x9c c:/program files (x86)/gnu tools arm embedded/4.8 2014q1/bin/../lib/gcc/arm-none-eabi/4.8.3/armv6-m\libgcc.a(_udivsi3.o)
                0x0000027c                __aeabi_uidiv
                0x0000027c                __udivsi3
                0x00000304                __aeabi_uidivmod
 .text          0x00000318        0x4 c:/program files (x86)/gnu tools arm embedded/4.8 2014q1/bin/../lib/gcc/arm-none-eabi/4.8.3/armv6-m\libgcc.a(_dvmd_tls.o)
                0x00000318                __aeabi_idiv0
                0x00000318                __aeabi_ldiv0
                0x0000031c                . = ALIGN (0x4)
 *(.glue_7t .glue_7)
 .glue_7        0x00000000        0x0 linker stubs
 .glue_7t       0x00000000        0x0 linker stubs
                0x0000031c                . = ALIGN (0x4)
 *(.rodata .rodata.* .gnu.linkonce.r.*)
                0x0000031c                . = ALIGN (0x4)
 *(.ARM.extab* .gnu.linkonce.armextab.*)
                0x0000031c                . = ALIGN (0x4)
 *(.gcc_except_table)
                0x0000031c                . = ALIGN (0x4)
 *(.eh_frame_hdr)
                0x0000031c                . = ALIGN (0x4)
 *(.eh_frame)
                0x0000031c                . = ALIGN (0x4)
                0x0000031c                __text_end = .
                [0x0000031c]                PROVIDE (__text_end, __text_end)

.vfp11_veneer   0x0000031c        0x0
 .vfp11_veneer  0x00000000        0x0 linker stubs

.v4_bx          0x0000031c        0x0
 .v4_bx         0x00000000        0x0 linker stubs

.iplt           0x0000031c        0x0
 .iplt          0x00000000        0x0 timer.o

.rel.dyn        0x0000031c        0x0
 .rel.iplt      0x00000000        0x0 timer.o

.IF_YOU_SEE_THIS_YOU_HAVE_ONE_OR_MORE_GLOBAL_OBJECT_CONSTRUCTORS
 *(.init)
 *(.preinit_array)
 *(SORT(.init_array.*))
 *(.init_array)
                0x0000031c                . = ALIGN (0x4)
                0x0000031c                __exidx_start = .
                [0x0000031c]                PROVIDE (__exidx_start, __exidx_start)

.ARM.exidx
 *(.ARM.exidx* .gnu.linkonce.armexidx.*)
                0x0000031c                . = ALIGN (0x4)
                0x0000031c                __exidx_end = .
                [0x0000031c]                PROVIDE (__exidx_end, __exidx_end)

.data           0x10000000        0xc load address 0x0000031c
                0x10000000                . = ALIGN (0x4)
                0x0000031c                __data_init_start = LOADADDR (.data)
                [0x0000031c]                PROVIDE (__data_init_start, __data_init_start)
                0x10000000                __data_start = .
                [0x10000000]                PROVIDE (__data_start, __data_start)
                0x10000000                . = ALIGN (0x4)
 *(.data .data.* .gnu.linkonce.d.*)
 .data.x        0x10000000        0x4 ./src/main.o
                0x10000000                x
 .data.y        0x10000004        0x4 ./src/main.o
                0x10000004                y
 .data.z        0x10000008        0x4 ./src/main.o
                0x10000008                z
                0x1000000c                . = ALIGN (0x4)
                0x1000000c                __data_end = .
                [0x1000000c]                PROVIDE (__data_end, __data_end)

.igot.plt       0x1000000c        0x0 load address 0x00000328
 .igot.plt      0x00000000        0x0 timer.o

.bss            0x1000000c        0x0
                0x1000000c                . = ALIGN (0x4)
                0x1000000c                __bss_start = .
                [0x1000000c]                PROVIDE (__bss_start, __bss_start)
                0x1000000c                . = ALIGN (0x4)
 *(.bss .bss.* .gnu.linkonce.b.*)
                0x1000000c                . = ALIGN (0x4)
 *(COMMON)
                0x1000000c                . = ALIGN (0x4)
                0x1000000c                __bss_end = .
                [0x1000000c]                PROVIDE (__bss_end, __bss_end)

.stack          0x1000000c      0x404
                0x10000010                . = ALIGN (0x8)
 *fill*         0x1000000c        0x4 
                0x10000010                __stack_start = .
                [0x10000010]                PROVIDE (__stack_start, __stack_start)
                0x10000010                . = ALIGN (0x8)
                0x10000010                __main_stack_start = .
                [0x10000010]                PROVIDE (__main_stack_start, __main_stack_start)
                0x10000410                . = (. + __main_stack_size)
 *fill*         0x10000010      0x400 
                0x10000410                . = ALIGN (0x8)
                0x10000410                __main_stack_end = .
                [0x10000410]                PROVIDE (__main_stack_end, __main_stack_end)
                0x10000410                . = ALIGN (0x8)
                0x10000410                __process_stack_start = .
                [0x10000410]                PROVIDE (__process_stack_start, __process_stack_start)
                0x10000410                . = (. + __process_stack_size)
                0x10000410                . = ALIGN (0x8)
                0x10000410                __process_stack_end = .
                [0x10000410]                PROVIDE (__process_stack_end, __process_stack_end)
                0x10000410                . = ALIGN (0x8)
                0x10000410                __stack_end = .
                [0x10000410]                PROVIDE (__stack_end, __stack_end)
                0x10000410                . = ALIGN (0x4)
                0x10000410                __heap_start = .
                [0x10000410]                PROVIDE (__heap_start, __heap_start)
                0x10000410                . = ALIGN (0x4)
                0x10001000                __heap_end = __ram_end
                [0x10001000]                PROVIDE (__heap_end, __heap_end)

.stab
 *(.stab)

.stabstr
 *(.stabstr)

.debug
 *(.debug)

.line
 *(.line)

.debug_srcinfo
 *(.debug_srcinfo)

.debug_sfnames
 *(.debug_sfnames)

.debug_aranges
 *(.debug_aranges)

.debug_pubnames
 *(.debug_pubnames)

.debug_info
 *(.debug_info .gnu.linkonce.wi.*)

.debug_abbrev
 *(.debug_abbrev)

.debug_line
 *(.debug_line)

.debug_frame    0x00000000       0x20
 *(.debug_frame)
 .debug_frame   0x00000000       0x20 c:/program files (x86)/gnu tools arm embedded/4.8 2014q1/bin/../lib/gcc/arm-none-eabi/4.8.3/armv6-m\libgcc.a(_udivsi3.o)

.comment        0x00000000       0x70
 .comment       0x00000000       0x70 timer.o
                                 0x71 (size before relaxing)
 .comment       0x00000000       0x71 sw_uart.o
 .comment       0x00000000       0x71 MCP23017.o
 .comment       0x00000000       0x71 i2c.o
 .comment       0x00000000       0x71 i2c_Stepper_Driver.o
 .comment       0x00000000       0x71 ./src/main.o
 .comment       0x00000000       0x71 cortex_startup.o

.debug_str
 *(.debug_str)

.debug_loc
 *(.debug_loc)

.debug_macinfo
 *(.debug_macinfo)

.debug_weaknames
 *(.debug_weaknames)

.debug_funcnames
 *(.debug_funcnames)

.debug_typenames
 *(.debug_typenames)

.debug_varnames
 *(.debug_varnames)

.note.gnu.arm.ident
 *(.note.gnu.arm.ident)

.ARM.attributes
                0x00000000       0x31
 *(.ARM.attributes)
 .ARM.attributes
                0x00000000       0x31 timer.o
 .ARM.attributes
                0x00000031       0x31 sw_uart.o
 .ARM.attributes
                0x00000062       0x31 MCP23017.o
 .ARM.attributes
                0x00000093       0x31 i2c.o
 .ARM.attributes
                0x000000c4       0x31 i2c_Stepper_Driver.o
 .ARM.attributes
                0x000000f5       0x31 ./src/main.o
 .ARM.attributes
                0x00000126       0x31 cortex_startup.o
 .ARM.attributes
                0x00000157       0x1e c:/program files (x86)/gnu tools arm embedded/4.8 2014q1/bin/../lib/gcc/arm-none-eabi/4.8.3/armv6-m\libgcc.a(_thumb1_case_uqi.o)
 .ARM.attributes
                0x00000175       0x1e c:/program files (x86)/gnu tools arm embedded/4.8 2014q1/bin/../lib/gcc/arm-none-eabi/4.8.3/armv6-m\libgcc.a(_udivsi3.o)
 .ARM.attributes
                0x00000193       0x1e c:/program files (x86)/gnu tools arm embedded/4.8 2014q1/bin/../lib/gcc/arm-none-eabi/4.8.3/armv6-m\libgcc.a(_dvmd_tls.o)

/DISCARD/
 *(.note.GNU-stack)
                0x0000031c                PROVIDE (__text_size, (__text_end - __text_start))
                0x00000000                PROVIDE (__exidx_size, (__exidx_end - __exidx_start))
                0x0000000c                PROVIDE (__data_size, (__data_end - __data_start))
                0x00000000                PROVIDE (__bss_size, (__bss_end - __bss_start))
                0x00000400                PROVIDE (__stack_size, (__stack_end - __stack_start))
                0x00000bf0                PROVIDE (__heap_size, (__heap_end - __heap_start))
OUTPUT(src/main.elf elf32-littlearm)
